// Jest Snapshot v1, https://goo.gl/fbAQLP

exports[`Test Quizz Screen should render properly 1`] = `
<LinearGradient
  colors={
    Array [
      "#2C7EF8",
      "#2C7EF8",
      "#07ADD6",
    ]
  }
  style={
    Object {
      "alignItems": "center",
      "flex": 1,
      "justifyContent": "space-between",
      "paddingVertical": 20,
    }
  }
>
  <SafeAreaView
    style={
      Object {
        "alignItems": "center",
        "flex": 1,
        "justifyContent": "space-between",
        "paddingVertical": 20,
      }
    }
  >
    <Loading />
  </SafeAreaView>
</LinearGradient>
`;
